// Jest Snapshot v1, https://goo.gl/fbAQLP

exports[`middleware addLoggerToContext 1`] = `
Array [
  Object {
    "level": "info",
    "message": "✅test works✅",
    Symbol(level): "info",
    Symbol(message): "{\\"message\\":\\"✅test works✅\\",\\"level\\":\\"info\\"}",
  },
]
`;

exports[`middleware requestLogger await next 1`] = `
Object {
  "name": "request logger",
}
`;

exports[`middleware requestLogger await next 2`] = `"info"`;

exports[`middleware requestLogger await next 3`] = `undefined`;

exports[`middleware requestLogger await next 4`] = `Object {}`;

exports[`middleware requestLogger await next 5`] = `Object {}`;

exports[`middleware requestLogger await next 6`] = `Object {}`;

exports[`middleware requestLogger doh error - muh bad 1`] = `
Object {
  "name": "request logger",
}
`;

exports[`middleware requestLogger doh error - muh bad 2`] = `"error"`;

exports[`middleware requestLogger doh error - muh bad 3`] = `undefined`;

exports[`middleware requestLogger doh error - muh bad 4`] = `Object {}`;

exports[`middleware requestLogger doh error - muh bad 5`] = `Object {}`;

exports[`middleware requestLogger doh error - muh bad 6`] = `Object {}`;
