// Jest Snapshot v1, https://goo.gl/fbAQLP

exports[`middleware addLoggerToContext 1`] = `
Array [
  Object {
    "level": "info",
    "message": "✅test works✅",
    Symbol(level): "info",
    Symbol(message): "{\\"message\\":\\"✅test works✅\\",\\"level\\":\\"info\\"}",
  },
]
`;

exports[`middleware requestLogger await next 1`] = `"{ name: 'request logger' }"`;

exports[`middleware requestLogger await next 2`] = `undefined`;

exports[`middleware requestLogger await next 3`] = `"info"`;

exports[`middleware requestLogger await next 4`] = `"request"`;

exports[`middleware requestLogger doh error - muh bad 1`] = `"{ name: 'request logger' }"`;

exports[`middleware requestLogger doh error - muh bad 2`] = `"muh Bad"`;

exports[`middleware requestLogger doh error - muh bad 3`] = `"error"`;

exports[`middleware requestLogger doh error - muh bad 4`] = `"request"`;
